// Jest Snapshot v1, https://goo.gl/fbAQLP

exports[`renders create comment without crashing 1`] = `ShallowWrapper {}`;
