// Jest Snapshot v1, https://goo.gl/fbAQLP

exports[`renders create movie suggestion without crashing 1`] = `ShallowWrapper {}`;
