// Jest Snapshot v1, https://goo.gl/fbAQLP

exports[`renders create new user without crashing 1`] = `ShallowWrapper {}`;
