// Jest Snapshot v1, https://goo.gl/fbAQLP

exports[`renders logo without crashing 1`] = `ShallowWrapper {}`;
