// Jest Snapshot v1, https://goo.gl/fbAQLP

exports[`renders movie night without crashing 1`] = `ShallowWrapper {}`;
