// Jest Snapshot v1, https://goo.gl/fbAQLP

exports[`renders comment list without crashing 1`] = `ShallowWrapper {}`;
